
> @cloudctl/web@0.1.0 test /private/tmp/cloudctl-im-deploy-20260926-2mUmAF/release/apps/web
> vitest run


 RUN  v3.2.7 /private/tmp/cloudctl-im-deploy-20260926-2mUmAF/release/apps/web

(node:77655) Warning: `--localstorage-file` was provided without a valid path
(Use `node --trace-warnings ...` to show where the warning was created)
(node:77650) Warning: `--localstorage-file` was provided without a valid path
(Use `node --trace-warnings ...` to show where the warning was created)
(node:77657) Warning: `--localstorage-file` was provided without a valid path
(Use `node --trace-warnings ...` to show where the warning was created)
(node:77656) Warning: `--localstorage-file` was provided without a valid path
(Use `node --trace-warnings ...` to show where the warning was created)
(node:77654) Warning: `--localstorage-file` was provided without a valid path
(Use `node --trace-warnings ...` to show where the warning was created)
(node:77659) Warning: `--localstorage-file` was provided without a valid path
(Use `node --trace-warnings ...` to show where the warning was created)
(node:77651) Warning: `--localstorage-file` was provided without a valid path
(Use `node --trace-warnings ...` to show where the warning was created)
(node:77653) Warning: `--localstorage-file` was provided without a valid path
(Use `node --trace-warnings ...` to show where the warning was created)
(node:77658) Warning: `--localstorage-file` was provided without a valid path
(Use `node --trace-warnings ...` to show where the warning was created)
(node:77652) Warning: `--localstorage-file` was provided without a valid path
(Use `node --trace-warnings ...` to show where the warning was created)
 ✓ tests/content-io.spec.ts (8 tests) 384ms
stderr | tests/operations-shell.spec.ts > OperationsShell > renders the 15 competitor modules as the operations workspace navigation
[Vue Router warn]: No match found for location with path "/im"
[Vue Router warn]: No match found for location with path "/orders"
[Vue Router warn]: No match found for location with path "/fleet"

 ✓ tests/fleet.spec.ts (17 tests) 356ms
 ✓ tests/operations-shell.spec.ts (2 tests) 396ms
   ✓ OperationsShell > renders the 15 competitor modules as the operations workspace navigation  381ms
 ✓ tests/display-settings.spec.ts (2 tests) 481ms
 ✓ tests/recipe-versions.spec.ts (16 tests) 1255ms
 ✓ tests/orders-view.spec.ts (33 tests) 1683ms
(node:77695) Warning: `--localstorage-file` was provided without a valid path
(Use `node --trace-warnings ...` to show where the warning was created)
(node:77701) Warning: `--localstorage-file` was provided without a valid path
(Use `node --trace-warnings ...` to show where the warning was created)
(node:77697) Warning: `--localstorage-file` was provided without a valid path
(Use `node --trace-warnings ...` to show where the warning was created)
(node:77700) Warning: `--localstorage-file` was provided without a valid path
(Use `node --trace-warnings ...` to show where the warning was created)
 ✓ tests/live-fleet.spec.ts (27 tests) 842ms
 ✓ tests/listing-info-collect.spec.ts (30 tests) 2824ms
   ✓ listing-sync collection gates > creates independent same-day batches and displays accepted task IDs, not execution success  373ms
   ✓ listing-sync source history > uses opaque cursors, rolls back failed navigation, supports previous, and refreshes page one  407ms
(node:77715) Warning: `--localstorage-file` was provided without a valid path
(Use `node --trace-warnings ...` to show where the warning was created)
 ✓ tests/reconciliation.spec.ts (22 tests) 573ms
 ✓ tests/business-operation.spec.ts (11 tests) 633ms
   ✓ F13 workbench view > freezes the visible snapshot, mints once, and shows per-target partial failures with hash equality  443ms
 ✓ tests/operations-fail-closed.spec.ts (1 test) 671ms
   ✓ OperationsView production failure boundary > fails closed instead of falling back to Mock when a configured API fails  670ms
(node:77718) Warning: `--localstorage-file` was provided without a valid path
(Use `node --trace-warnings ...` to show where the warning was created)
 ✓ tests/media-assets.spec.ts (7 tests) 579ms
   ✓ F10 media assets workbench > disables all real commands when Control API is unavailable  301ms
 ✓ tests/product-import.spec.ts (3 tests) 283ms
 ✓ tests/operations-live.spec.ts (4 tests) 2679ms
   ✓ OperationsView live Control API path > creates, audits and cancels a real backend task  1577ms
   ✓ OperationsView live Control API path > passes validated page parameters to batch task creation  717ms
   ✓ OperationsView live Control API path > saves an ordinary product from the dedicated editor  348ms
(node:77726) Warning: `--localstorage-file` was provided without a valid path
(Use `node --trace-warnings ...` to show where the warning was created)
(node:77727) Warning: `--localstorage-file` was provided without a valid path
(Use `node --trace-warnings ...` to show where the warning was created)
 ✓ tests/im-classification-api.spec.ts (19 tests) 23ms
stderr | tests/orders-history.spec.ts > OrdersHistoryView > renders rows, dedupe markers and the collection window annotation
[Vue Router warn]: No match found for location with path ""

stderr | tests/orders-history.spec.ts > OrdersHistoryView > shows the missing-pages badge when a run has screen gaps
[Vue Router warn]: No match found for location with path ""

stderr | tests/orders-history.spec.ts > OrdersHistoryView > pages forward and back with the opaque cursor
[Vue Router warn]: No match found for location with path ""

stderr | tests/orders-history.spec.ts > OrdersHistoryView > applies filters as snake_case query params from page one
[Vue Router warn]: No match found for location with path ""

stderr | tests/orders-history.spec.ts > OrdersHistoryView > fails closed on api errors and shows the empty state only when truly empty
[Vue Router warn]: No match found for location with path ""

 ✓ tests/orders-history.spec.ts (10 tests) 226ms
(node:77730) Warning: `--localstorage-file` was provided without a valid path
(Use `node --trace-warnings ...` to show where the warning was created)
(node:77733) Warning: `--localstorage-file` was provided without a valid path
(Use `node --trace-warnings ...` to show where the warning was created)
(node:77731) Warning: `--localstorage-file` was provided without a valid path
(Use `node --trace-warnings ...` to show where the warning was created)
 ✓ tests/orders-api.spec.ts (77 tests) 85ms
 ✓ tests/schedule-editor.spec.ts (2 tests) 97ms
 ✓ tests/status-badge.spec.ts (2 tests) 72ms
(node:77738) Warning: `--localstorage-file` was provided without a valid path
(Use `node --trace-warnings ...` to show where the warning was created)
(node:77739) Warning: `--localstorage-file` was provided without a valid path
(Use `node --trace-warnings ...` to show where the warning was created)
(node:77737) Warning: `--localstorage-file` was provided without a valid path
(Use `node --trace-warnings ...` to show where the warning was created)
 ✓ tests/field-map.spec.ts (3 tests) 6ms
 ✓ tests/listings-api.spec.ts (29 tests) 15ms
 ✓ tests/recipes-api.spec.ts (13 tests) 52ms
 ✓ tests/im-inbox.spec.ts (38 tests) 5484ms
   ✓ ImInboxView > corrects one IN message using 用户消息 and its frozen expectedVersion  368ms
   ✓ ImInboxView > corrects one IN message using 系统通知 and its frozen expectedVersion  574ms
   ✓ ImInboxView > corrects one IN message using 营销通知 and its frozen expectedVersion  404ms
   ✓ ImInboxView > corrects one IN message using 恢复自动 and its frozen expectedVersion  604ms
(node:77743) Warning: `--localstorage-file` was provided without a valid path
(Use `node --trace-warnings ...` to show where the warning was created)
 ✓ tests/product-groups.spec.ts (2 tests) 19ms
(node:77745) Warning: `--localstorage-file` was provided without a valid path
(Use `node --trace-warnings ...` to show where the warning was created)
 ✓ tests/operations-catalog.spec.ts (6 tests) 14ms
(node:77749) Warning: `--localstorage-file` was provided without a valid path
(Use `node --trace-warnings ...` to show where the warning was created)
(node:77748) Warning: `--localstorage-file` was provided without a valid path
(Use `node --trace-warnings ...` to show where the warning was created)
(node:77747) Warning: `--localstorage-file` was provided without a valid path
(Use `node --trace-warnings ...` to show where the warning was created)
 ✓ tests/im-api.spec.ts (9 tests) 22ms
 ✓ tests/post-groups.spec.ts (2 tests) 58ms
(node:77754) Warning: `--localstorage-file` was provided without a valid path
(Use `node --trace-warnings ...` to show where the warning was created)
 ✓ tests/product-catalog-fail-closed.spec.ts (2 tests) 5ms
(node:77753) Warning: `--localstorage-file` was provided without a valid path
(Use `node --trace-warnings ...` to show where the warning was created)
(node:77756) Warning: `--localstorage-file` was provided without a valid path
(Use `node --trace-warnings ...` to show where the warning was created)
 ✓ tests/post-watermark.spec.ts (2 tests) 4ms
 ✓ tests/im-reply-boundary.spec.ts (4 tests) 2ms
(node:77758) Warning: `--localstorage-file` was provided without a valid path
(Use `node --trace-warnings ...` to show where the warning was created)
 ✓ tests/api-client-error.spec.ts (2 tests) 7ms
(node:77763) Warning: `--localstorage-file` was provided without a valid path
(Use `node --trace-warnings ...` to show where the warning was created)
 ✓ tests/operation-workbenches.spec.ts (1 test) 5ms
 ✓ tests/router.spec.ts (8 tests) 28ms
(node:77766) Warning: `--localstorage-file` was provided without a valid path
(Use `node --trace-warnings ...` to show where the warning was created)
 ✓ tests/operation-parameters.spec.ts (2 tests) 7ms
 ✓ tests/operations-view.spec.ts (45 tests) 7122ms
   ✓ OperationsView > filters, selects and creates a confirmed mock run  1497ms
   ✓ OperationsView > shows post image watermark form without adapter chrome  349ms
   ✓ OperationsView > aligns xianyu publish goods with product list fields  431ms
   ✓ OperationsView > reuses the xianyu publish goods form on product management publish  396ms
   ✓ OperationsView > persists the current view and opens a local record detail dialog  1110ms
   ✓ OperationsView > downloads asset JSON and filtered record CSV exports  779ms
(node:77769) Warning: `--localstorage-file` was provided without a valid path
(Use `node --trace-warnings ...` to show where the warning was created)
(node:77771) Warning: `--localstorage-file` was provided without a valid path
(Use `node --trace-warnings ...` to show where the warning was created)
 ✓ tests/im-outbox.spec.ts (9 tests) 3ms
 ✓ tests/xianyu-publish-goods.spec.ts (2 tests) 2ms
(node:77770) Warning: `--localstorage-file` was provided without a valid path
(Use `node --trace-warnings ...` to show where the warning was created)
 ✓ tests/session.spec.ts (2 tests) 6ms
(node:77776) Warning: `--localstorage-file` was provided without a valid path
(Use `node --trace-warnings ...` to show where the warning was created)
 ✓ tests/post-publish.spec.ts (2 tests) 2ms
(node:77775) Warning: `--localstorage-file` was provided without a valid path
(Use `node --trace-warnings ...` to show where the warning was created)
 ✓ tests/mobile-automation-boundary.spec.ts (2 tests) 4ms
(node:77777) Warning: `--localstorage-file` was provided without a valid path
(Use `node --trace-warnings ...` to show where the warning was created)
 ✓ tests/devices.spec.ts (5 tests) 3ms
(node:77787) Warning: `--localstorage-file` was provided without a valid path
(Use `node --trace-warnings ...` to show where the warning was created)
 ✓ tests/post-fields.spec.ts (4 tests) 2ms
(node:77789) Warning: `--localstorage-file` was provided without a valid path
(Use `node --trace-warnings ...` to show where the warning was created)
 ✓ tests/xiaohongshu-nurture.spec.ts (2 tests) 2ms

 Test Files  43 passed (43)
      Tests  489 passed (489)
   Start at  23:24:26
   Duration  12.42s (transform 8.12s, setup 17.30s, collect 21.39s, tests 27.01s, environment 35.40s, prepare 4.73s)
