
> @cloudctl/web@0.1.0 test /Users/wangziheng/Desktop/01-主战场/LAMDA云控系统/cloudctl-source/apps/web
> vitest run


 RUN  v3.2.7 /Users/wangziheng/Desktop/01-主战场/LAMDA云控系统/cloudctl-source/apps/web

(node:74642) Warning: `--localstorage-file` was provided without a valid path
(Use `node --trace-warnings ...` to show where the warning was created)
(node:74644) Warning: `--localstorage-file` was provided without a valid path
(Use `node --trace-warnings ...` to show where the warning was created)
(node:74638) Warning: `--localstorage-file` was provided without a valid path
(Use `node --trace-warnings ...` to show where the warning was created)
(node:74643) Warning: `--localstorage-file` was provided without a valid path
(Use `node --trace-warnings ...` to show where the warning was created)
(node:74639) Warning: `--localstorage-file` was provided without a valid path
(Use `node --trace-warnings ...` to show where the warning was created)
(node:74640) Warning: `--localstorage-file` was provided without a valid path
(Use `node --trace-warnings ...` to show where the warning was created)
(node:74637) Warning: `--localstorage-file` was provided without a valid path
(Use `node --trace-warnings ...` to show where the warning was created)
(node:74645) Warning: `--localstorage-file` was provided without a valid path
(Use `node --trace-warnings ...` to show where the warning was created)
(node:74641) Warning: `--localstorage-file` was provided without a valid path
(Use `node --trace-warnings ...` to show where the warning was created)
(node:74636) Warning: `--localstorage-file` was provided without a valid path
(Use `node --trace-warnings ...` to show where the warning was created)
 ✓ tests/reconciliation.spec.ts (22 tests) 415ms
 ✓ tests/live-fleet.spec.ts (34 tests) 744ms
 ✓ tests/business-operation.spec.ts (11 tests) 477ms
 ✓ tests/recipe-versions.spec.ts (16 tests) 1211ms
   ✓ Recipe version management page > loads tenant catalog/detail and shows signing, engine, current/history and persisted actor/time without mutation  308ms
 ✓ tests/orders-view.spec.ts (33 tests) 2000ms
(node:74706) Warning: `--localstorage-file` was provided without a valid path
(Use `node --trace-warnings ...` to show where the warning was created)
 ✓ tests/operations-fail-closed.spec.ts (1 test) 477ms
   ✓ OperationsView production failure boundary > fails closed instead of falling back to Mock when a configured API fails  476ms
(node:74707) Warning: `--localstorage-file` was provided without a valid path
(Use `node --trace-warnings ...` to show where the warning was created)
(node:74710) Warning: `--localstorage-file` was provided without a valid path
(Use `node --trace-warnings ...` to show where the warning was created)
 ✓ tests/listing-info-collect.spec.ts (30 tests) 2478ms
   ✓ listing-sync collection gates > creates independent same-day batches and displays accepted task IDs, not execution success  340ms
(node:74714) Warning: `--localstorage-file` was provided without a valid path
(Use `node --trace-warnings ...` to show where the warning was created)
 ✓ tests/display-settings.spec.ts (2 tests) 922ms
   ✓ display settings > lists extra panels and persists hidden items  338ms
   ✓ display settings > can hide a whole module or a single entry for debugging  582ms
 ✓ tests/content-io.spec.ts (8 tests) 886ms
   ✓ F11 view > dry-run renders row-precise outcomes without enabling apply until confirmed  688ms
 ✓ tests/fleet.spec.ts (17 tests) 999ms
(node:74718) Warning: `--localstorage-file` was provided without a valid path
(Use `node --trace-warnings ...` to show where the warning was created)
stderr | tests/operations-shell.spec.ts > OperationsShell > renders the 15 competitor modules as the operations workspace navigation
[Vue Router warn]: No match found for location with path "/im"
[Vue Router warn]: No match found for location with path "/orders"
[Vue Router warn]: No match found for location with path "/fleet"

 ✓ tests/operations-shell.spec.ts (2 tests) 788ms
   ✓ OperationsShell > renders the 15 competitor modules as the operations workspace navigation  784ms
 ✓ tests/operations-live.spec.ts (4 tests) 2774ms
   ✓ OperationsView live Control API path > creates, audits and cancels a real backend task  1488ms
   ✓ OperationsView live Control API path > passes validated page parameters to batch task creation  756ms
   ✓ OperationsView live Control API path > saves an ordinary product from the dedicated editor  470ms
(node:74720) Warning: `--localstorage-file` was provided without a valid path
(Use `node --trace-warnings ...` to show where the warning was created)
 ✓ tests/product-import.spec.ts (3 tests) 246ms
(node:74722) Warning: `--localstorage-file` was provided without a valid path
(Use `node --trace-warnings ...` to show where the warning was created)
 ✓ tests/schedule-editor.spec.ts (2 tests) 59ms
 ✓ tests/media-assets.spec.ts (7 tests) 385ms
(node:74726) Warning: `--localstorage-file` was provided without a valid path
(Use `node --trace-warnings ...` to show where the warning was created)
(node:74730) Warning: `--localstorage-file` was provided without a valid path
(Use `node --trace-warnings ...` to show where the warning was created)
(node:74729) Warning: `--localstorage-file` was provided without a valid path
(Use `node --trace-warnings ...` to show where the warning was created)
stderr | tests/orders-history.spec.ts > OrdersHistoryView > renders rows, dedupe markers and the collection window annotation
[Vue Router warn]: No match found for location with path ""

 ✓ tests/orders-api.spec.ts (77 tests) 72ms
stderr | tests/orders-history.spec.ts > OrdersHistoryView > shows the missing-pages badge when a run has screen gaps
[Vue Router warn]: No match found for location with path ""

stderr | tests/orders-history.spec.ts > OrdersHistoryView > pages forward and back with the opaque cursor
[Vue Router warn]: No match found for location with path ""

 ✓ tests/status-badge.spec.ts (2 tests) 59ms
stderr | tests/orders-history.spec.ts > OrdersHistoryView > applies filters as snake_case query params from page one
[Vue Router warn]: No match found for location with path ""

stderr | tests/orders-history.spec.ts > OrdersHistoryView > fails closed on api errors and shows the empty state only when truly empty
[Vue Router warn]: No match found for location with path ""

 ✓ tests/orders-history.spec.ts (10 tests) 196ms
(node:74741) Warning: `--localstorage-file` was provided without a valid path
(Use `node --trace-warnings ...` to show where the warning was created)
 ✓ tests/api-client-error.spec.ts (2 tests) 5ms
(node:74743) Warning: `--localstorage-file` was provided without a valid path
(Use `node --trace-warnings ...` to show where the warning was created)
(node:74742) Warning: `--localstorage-file` was provided without a valid path
(Use `node --trace-warnings ...` to show where the warning was created)
 ✓ tests/product-groups.spec.ts (2 tests) 25ms
 ✓ tests/listings-api.spec.ts (29 tests) 44ms
 ✓ tests/im-inbox.spec.ts (38 tests) 5899ms
   ✓ ImInboxView > corrects one IN message using 系统通知 and its frozen expectedVersion  418ms
   ✓ ImInboxView > corrects one IN message using 营销通知 and its frozen expectedVersion  526ms
   ✓ ImInboxView > corrects one IN message using 待确认 and its frozen expectedVersion  462ms
   ✓ ImInboxView > reclassifies without resetting a manual override, then refreshes changed membership and counts  526ms
(node:74750) Warning: `--localstorage-file` was provided without a valid path
(Use `node --trace-warnings ...` to show where the warning was created)
 ✓ tests/post-groups.spec.ts (2 tests) 18ms
(node:74748) Warning: `--localstorage-file` was provided without a valid path
(Use `node --trace-warnings ...` to show where the warning was created)
 ✓ tests/recipes-api.spec.ts (13 tests) 51ms
(node:74757) Warning: `--localstorage-file` was provided without a valid path
(Use `node --trace-warnings ...` to show where the warning was created)
 ✓ tests/im-api.spec.ts (9 tests) 9ms
(node:74755) Warning: `--localstorage-file` was provided without a valid path
(Use `node --trace-warnings ...` to show where the warning was created)
(node:74760) Warning: `--localstorage-file` was provided without a valid path
(Use `node --trace-warnings ...` to show where the warning was created)
 ✓ tests/im-classification-api.spec.ts (19 tests) 129ms
(node:74763) Warning: `--localstorage-file` was provided without a valid path
(Use `node --trace-warnings ...` to show where the warning was created)
 ✓ tests/product-catalog-fail-closed.spec.ts (2 tests) 6ms
(node:74766) Warning: `--localstorage-file` was provided without a valid path
(Use `node --trace-warnings ...` to show where the warning was created)
(node:74764) Warning: `--localstorage-file` was provided without a valid path
(Use `node --trace-warnings ...` to show where the warning was created)
 ✓ tests/devices.spec.ts (5 tests) 3ms
 ✓ tests/operations-catalog.spec.ts (6 tests) 21ms
(node:74768) Warning: `--localstorage-file` was provided without a valid path
(Use `node --trace-warnings ...` to show where the warning was created)
 ✓ tests/post-watermark.spec.ts (2 tests) 5ms
(node:74775) Warning: `--localstorage-file` was provided without a valid path
(Use `node --trace-warnings ...` to show where the warning was created)
 ✓ tests/router.spec.ts (8 tests) 10ms
 ✓ tests/field-map.spec.ts (3 tests) 39ms
(node:74776) Warning: `--localstorage-file` was provided without a valid path
(Use `node --trace-warnings ...` to show where the warning was created)
 ✓ tests/im-outbox.spec.ts (9 tests) 5ms
(node:74779) Warning: `--localstorage-file` was provided without a valid path
(Use `node --trace-warnings ...` to show where the warning was created)
 ✓ tests/mobile-automation-boundary.spec.ts (2 tests) 3ms
 ✓ tests/operations-view.spec.ts (45 tests) 6650ms
   ✓ OperationsView > filters, selects and creates a confirmed mock run  1177ms
   ✓ OperationsView > shows product editor watermark form aligned to competitor fields  413ms
   ✓ OperationsView > aligns xianyu publish goods with product list fields  619ms
   ✓ OperationsView > reuses the xianyu publish goods form on product management publish  354ms
   ✓ OperationsView > aligns xianyu description pool  436ms
   ✓ OperationsView > persists the current view and opens a local record detail dialog  400ms
   ✓ OperationsView > downloads asset JSON and filtered record CSV exports  306ms
(node:74782) Warning: `--localstorage-file` was provided without a valid path
(Use `node --trace-warnings ...` to show where the warning was created)
 ✓ tests/post-fields.spec.ts (4 tests) 2ms
(node:74786) Warning: `--localstorage-file` was provided without a valid path
(Use `node --trace-warnings ...` to show where the warning was created)
 ✓ tests/xianyu-publish-goods.spec.ts (2 tests) 4ms
(node:74791) Warning: `--localstorage-file` was provided without a valid path
(Use `node --trace-warnings ...` to show where the warning was created)
(node:74790) Warning: `--localstorage-file` was provided without a valid path
(Use `node --trace-warnings ...` to show where the warning was created)
 ✓ tests/session.spec.ts (2 tests) 4ms
 ✓ tests/operation-workbenches.spec.ts (1 test) 5ms
(node:74787) Warning: `--localstorage-file` was provided without a valid path
(Use `node --trace-warnings ...` to show where the warning was created)
 ✓ tests/operation-parameters.spec.ts (2 tests) 5ms
(node:74796) Warning: `--localstorage-file` was provided without a valid path
(Use `node --trace-warnings ...` to show where the warning was created)
 ✓ tests/im-reply-boundary.spec.ts (4 tests) 5ms
(node:74797) Warning: `--localstorage-file` was provided without a valid path
(Use `node --trace-warnings ...` to show where the warning was created)
 ✓ tests/post-publish.spec.ts (2 tests) 3ms
(node:74798) Warning: `--localstorage-file` was provided without a valid path
(Use `node --trace-warnings ...` to show where the warning was created)
 ✓ tests/xiaohongshu-nurture.spec.ts (2 tests) 2ms

 Test Files  43 passed (43)
      Tests  496 passed (496)
   Start at  23:19:42
   Duration  12.54s (transform 6.80s, setup 17.29s, collect 22.89s, tests 28.14s, environment 33.48s, prepare 5.46s)
