
> cloudctl@0.1.0 build /Users/wangziheng/Desktop/LAMDA云控系统_代码交接包_20260901/cloudctl-source
> pnpm --recursive --if-present build

Scope: 3 of 4 workspace projects
packages/api-contracts/typescript build$ tsc -p tsconfig.json
packages/api-contracts/typescript build: Done
apps/studio build$ vue-tsc -b && vite build
apps/web build$ vue-tsc -b && vite build
apps/studio build: vite v7.3.6 building client environment for production...
apps/studio build: transforming...
apps/web build: vite v7.3.6 building client environment for production...
apps/web build: transforming...
apps/web build: ✓ 1753 modules transformed.
apps/web build: rendering chunks...
apps/web build: computing gzip size...
apps/web build: dist/index.html                   0.45 kB │ gzip:   0.31 kB
apps/web build: dist/assets/index-Cc7lImMk.css   38.89 kB │ gzip:   8.12 kB
apps/web build: dist/assets/index-iSnTrfIO.js   354.14 kB │ gzip: 113.68 kB
apps/web build: ✓ built in 3.50s
apps/web build: Done
apps/studio build: ✓ 2308 modules transformed.
apps/studio build: rendering chunks...
apps/studio build: computing gzip size...
apps/studio build: dist/index.html                               0.46 kB │ gzip:   0.30 kB
apps/studio build: dist/assets/codicon-DCmgc-ay.ttf             80.34 kB
apps/studio build: dist/assets/editor.worker-B4pQIWZD.js       231.35 kB
apps/studio build: dist/assets/index-wW3G45qb.css               11.52 kB │ gzip:   3.12 kB
apps/studio build: dist/assets/MonacoWorkspace-BSqojDzB.css    171.00 kB │ gzip:  26.69 kB
apps/studio build: dist/assets/python-BZWWPbDc.js                4.10 kB │ gzip:   1.67 kB
apps/studio build: dist/assets/index-W-QTdCs8.js               133.70 kB │ gzip:  47.80 kB
apps/studio build: dist/assets/MonacoWorkspace-DXWrdvkT.js   2,282.73 kB │ gzip: 589.95 kB
apps/studio build: ✓ built in 10.56s
apps/studio build: (!) Some chunks are larger than 500 kB after minification. Consider:
apps/studio build: - Using dynamic import() to code-split the application
apps/studio build: - Use build.rollupOptions.output.manualChunks to improve chunking: https://rollupjs.org/configuration-options/#output-manualchunks
apps/studio build: - Adjust chunk size limit for this warning via build.chunkSizeWarningLimit.
apps/studio build: Done
