/Users/wangziheng/Desktop/LAMDA云控系统_代码交接包_20260901/cloudctl-source/services/edge-hub/src/cloudctl_edge_hub/debug_relay.py
  /Users/wangziheng/Desktop/LAMDA云控系统_代码交接包_20260901/cloudctl-source/services/edge-hub/src/cloudctl_edge_hub/debug_relay.py:466:9 - error: Argument of type "(websocket: WebSocketLike, path: str | None = None) -> CoroutineType[Any, Any, None]" cannot be assigned to parameter "handler" of type "(ServerConnection) -> Awaitable[None]" in function "serve"
    Type "(websocket: WebSocketLike, path: str | None = None) -> CoroutineType[Any, Any, None]" is not assignable to type "(ServerConnection) -> Awaitable[None]"
      Parameter 1: type "ServerConnection" is incompatible with type "WebSocketLike"
        "ServerConnection" is incompatible with protocol "WebSocketLike"
          "send" is an incompatible type
            Type "(message: DataLike | Iterable[DataLike] | AsyncIterable[DataLike], *, text: bool | None = None) -> CoroutineType[Any, Any, None]" is not assignable to type "(data: str) -> CoroutineType[Any, Any, Awaitable[None] | None]" (reportArgumentType)
  /Users/wangziheng/Desktop/LAMDA云控系统_代码交接包_20260901/cloudctl-source/services/edge-hub/src/cloudctl_edge_hub/debug_relay.py:470:17 - error: Argument of type "list[str]" cannot be assigned to parameter "origins" of type "Sequence[Origin | Pattern[str] | None] | None" in function "serve"
    Type "list[str]" is not assignable to type "Sequence[Origin | Pattern[str] | None] | None"
      "list[str]" is not assignable to "Sequence[Origin | Pattern[str] | None]"
        Type parameter "_T_co@Sequence" is covariant, but "str" is not a subtype of "Origin | Pattern[str] | None"
          Type "str" is not assignable to type "Origin | Pattern[str] | None"
            "str" is not assignable to "Origin"
            "str" is not assignable to "Pattern[str]"
            "str" is not assignable to "None"
      "list[str]" is not assignable to "None" (reportArgumentType)
/Users/wangziheng/Desktop/LAMDA云控系统_代码交接包_20260901/cloudctl-source/services/edge-hub/src/cloudctl_edge_hub/sqlite_debug_store.py
  /Users/wangziheng/Desktop/LAMDA云控系统_代码交接包_20260901/cloudctl-source/services/edge-hub/src/cloudctl_edge_hub/sqlite_debug_store.py:107:24 - error: Argument of type "object" cannot be assigned to parameter "error_code" of type "str | None" in function "__init__"
    Type "object" is not assignable to type "str | None"
      "object" is not assignable to "str"
      "object" is not assignable to "None" (reportArgumentType)
  /Users/wangziheng/Desktop/LAMDA云控系统_代码交接包_20260901/cloudctl-source/services/edge-hub/src/cloudctl_edge_hub/sqlite_debug_store.py:107:39 - error: Argument of type "object" cannot be assigned to parameter "detail" of type "str | None" in function "__init__"
    Type "object" is not assignable to type "str | None"
      "object" is not assignable to "str"
      "object" is not assignable to "None" (reportArgumentType)
  /Users/wangziheng/Desktop/LAMDA云控系统_代码交接包_20260901/cloudctl-source/services/edge-hub/src/cloudctl_edge_hub/sqlite_debug_store.py:107:62 - error: Argument of type "object" cannot be assigned to parameter "cloud_sequence" of type "int | None" in function "__init__"
    Type "object" is not assignable to type "int | None"
      "object" is not assignable to "int"
      "object" is not assignable to "None" (reportArgumentType)
  /Users/wangziheng/Desktop/LAMDA云控系统_代码交接包_20260901/cloudctl-source/services/edge-hub/src/cloudctl_edge_hub/sqlite_debug_store.py:107:79 - error: Argument of type "object" cannot be assigned to parameter "lease_id" of type "str | None" in function "__init__"
    Type "object" is not assignable to type "str | None"
      "object" is not assignable to "str"
      "object" is not assignable to "None" (reportArgumentType)
  /Users/wangziheng/Desktop/LAMDA云控系统_代码交接包_20260901/cloudctl-source/services/edge-hub/src/cloudctl_edge_hub/sqlite_debug_store.py:108:27 - error: Argument of type "object" cannot be assigned to parameter "fencing_token" of type "int | None" in function "__init__"
    Type "object" is not assignable to type "int | None"
      "object" is not assignable to "int"
      "object" is not assignable to "None" (reportArgumentType)
  /Users/wangziheng/Desktop/LAMDA云控系统_代码交接包_20260901/cloudctl-source/services/edge-hub/src/cloudctl_edge_hub/sqlite_debug_store.py:108:55 - error: Argument of type "object" cannot be assigned to parameter "relay_token_digest" of type "str | None" in function "__init__"
    Type "object" is not assignable to type "str | None"
      "object" is not assignable to "str"
      "object" is not assignable to "None" (reportArgumentType)
/Users/wangziheng/Desktop/LAMDA云控系统_代码交接包_20260901/cloudctl-source/services/outbox-dispatcher/src/cloudctl_outbox/debug_grpc_sink.py
  /Users/wangziheng/Desktop/LAMDA云控系统_代码交接包_20260901/cloudctl-source/services/outbox-dispatcher/src/cloudctl_outbox/debug_grpc_sink.py:59:37 - error: Cannot access attribute "DeliverDebugEvent" for class "EdgeControlStub"
    Attribute "DeliverDebugEvent" is unknown (reportAttributeAccessIssue)
/Users/wangziheng/Desktop/LAMDA云控系统_代码交接包_20260901/cloudctl-source/services/outbox-dispatcher/src/cloudctl_outbox/main.py
  /Users/wangziheng/Desktop/LAMDA云控系统_代码交接包_20260901/cloudctl-source/services/outbox-dispatcher/src/cloudctl_outbox/main.py:67:15 - error: Argument of type "str" cannot be assigned to parameter "timeout_seconds" of type "float" in function "__init__"
    "str" is not assignable to "float" (reportArgumentType)
  /Users/wangziheng/Desktop/LAMDA云控系统_代码交接包_20260901/cloudctl-source/services/outbox-dispatcher/src/cloudctl_outbox/main.py:67:15 - error: Argument of type "str" cannot be assigned to parameter "stub" of type "_Stub | None" in function "__init__"
    Type "str" is not assignable to type "_Stub | None"
      "str" is incompatible with protocol "_Stub"
        "DeliverDebugEvent" is not present
      "str" is not assignable to "None" (reportArgumentType)
  /Users/wangziheng/Desktop/LAMDA云控系统_代码交接包_20260901/cloudctl-source/services/outbox-dispatcher/src/cloudctl_outbox/main.py:70:42 - error: Argument of type "str" cannot be assigned to parameter "client" of type "AsyncClient | None" in function "__init__"
    Type "str" is not assignable to type "AsyncClient | None"
      "str" is not assignable to "AsyncClient"
      "str" is not assignable to "None" (reportArgumentType)
12 errors, 0 warnings, 0 informations
